// Jest Snapshot v1, https://goo.gl/fbAQLP

exports[`RepoList Testing renders a RepoList 1`] = `
<DocumentFragment>
  <div>
    <ul>
      <div>
        <li>
          <a
            href="https://api.github/users/nate-kruck"
            rel="noreferrer"
            target="_blank"
          >
            <h1
              data-testid="repo"
            >
              restyAPI-1
            </h1>
          </a>
        </li>
        <p>
          nate-kruck
        </p>
      </div>
      <div>
        <li>
          <a
            href="https://api.github/users/nate-kruck"
            rel="noreferrer"
            target="_blank"
          >
            <h1
              data-testid="repo"
            >
              restyAPI-2
            </h1>
          </a>
        </li>
        <p>
          nate-kruck
        </p>
      </div>
      <div>
        <li>
          <a
            href="https://api.github/users/nate-kruck"
            rel="noreferrer"
            target="_blank"
          >
            <h1
              data-testid="repo"
            >
              restyAPI-3
            </h1>
          </a>
        </li>
        <p>
          nate-kruck
        </p>
      </div>
    </ul>
  </div>
</DocumentFragment>
`;
