// Jest Snapshot v1, https://goo.gl/fbAQLP

exports[`App component renders App 1`] = `
<DocumentFragment>
  <div>
    <div>
      <div>
        <form>
          <label
            for="url"
          >
            URL
            <input
              name="url"
              type="text"
              value=""
            />
          </label>
          <label
            for="method"
          >
            HTTP Request method
            <select
              name="method"
            >
              <option
                value="GET"
              >
                GET
              </option>
              <option
                value="POST"
              >
                POST
              </option>
              <option
                value="PUT"
              >
                PUT
              </option>
              <option
                value="PATCH"
              >
                PATCH
              </option>
              <option
                value="DELETE"
              >
                DELETE
              </option>
            </select>
          </label>
          <p>
            JSON data
          </p>
          <textarea
            name="body"
          />
          <button>
            Submit
          </button>
        </form>
      </div>
      <ul />
      <div
        data-testid="display"
      >
        <label
          for="search"
        >
          Search
        </label>
        <div
          class="react-json-view"
          style="font-family: monospace; cursor: default; background-color: rgb(12, 13, 14); position: relative;"
        >
          <div
            class="pretty-json-container object-container"
          >
            <div
              class="object-content"
            >
              <div
                class="object-key-val"
              >
                <span>
                  <span
                    style="display: inline-block; cursor: pointer;"
                  >
                    <div
                      class="icon-container"
                      style="display: inline-block; width: 17px;"
                    >
                      <span
                        class="collapsed-icon"
                      >
                        <svg
                          fill="currentColor"
                          style="vertical-align: top; color: rgb(117, 107, 177); height: 1em; width: 1em; padding-left: 2px;"
                          viewBox="0 0 15 15"
                        >
                          <path
                            d="M0 14l6-6-6-6z"
                          />
                        </svg>
                      </span>
                    </div>
                    <span
                      style="display: inline-block; color: rgb(252, 253, 254); letter-spacing: 0.5px; font-style: none; vertical-align: top; opacity: 0.85;"
                    >
                      <span
                        class="object-key"
                      >
                        <span
                          style="vertical-align: top;"
                        >
                          "
                        </span>
                        <span>
                          root
                        </span>
                        <span
                          style="vertical-align: top;"
                        >
                          "
                        </span>
                      </span>
                      <span
                        style="display: inline-block; margin: 0px 5px; color: rgb(252, 253, 254); vertical-align: top;"
                      >
                        :
                      </span>
                    </span>
                    <span
                      style="display: inline-block; cursor: pointer; font-weight: bold; color: rgb(252, 253, 254);"
                    >
                      {
                    </span>
                  </span>
                </span>
                <span
                  class="brace-row"
                >
                  <span
                    style="display: inline-block; cursor: pointer; font-weight: bold; color: rgb(252, 253, 254); padding-left: 0px;"
                  >
                    }
                  </span>
                  <div
                    class="object-meta-data"
                    style="display: inline-block; padding: 0px 0px 0px 10px;"
                  >
                    <span
                      class="copy-to-clipboard-container"
                    >
                      <span
                        style="cursor: pointer; display: inline;"
                      >
                        <span
                          class="copy-icon"
                        >
                          <svg
                            fill="currentColor"
                            preserveAspectRatio="xMidYMid meet"
                            style="vertical-align: top; color: rgb(177, 89, 40); font-size: 15px; margin-right: 3px; height: 1em; width: 1em;"
                            viewBox="0 0 40 40"
                          >
                            <g>
                              <path
                                d="m30 35h-25v-22.5h25v7.5h2.5v-12.5c0-1.4-1.1-2.5-2.5-2.5h-7.5c0-2.8-2.2-5-5-5s-5 2.2-5 5h-7.5c-1.4 0-2.5 1.1-2.5 2.5v27.5c0 1.4 1.1 2.5 2.5 2.5h25c1.4 0 2.5-1.1 2.5-2.5v-5h-2.5v5z m-20-27.5h2.5s2.5-1.1 2.5-2.5 1.1-2.5 2.5-2.5 2.5 1.1 2.5 2.5 1.3 2.5 2.5 2.5h2.5s2.5 1.1 2.5 2.5h-20c0-1.5 1.1-2.5 2.5-2.5z m-2.5 20h5v-2.5h-5v2.5z m17.5-5v-5l-10 7.5 10 7.5v-5h12.5v-5h-12.5z m-17.5 10h7.5v-2.5h-7.5v2.5z m12.5-17.5h-12.5v2.5h12.5v-2.5z m-7.5 5h-5v2.5h5v-2.5z"
                              />
                            </g>
                          </svg>
                        </span>
                      </span>
                    </span>
                  </div>
                </span>
              </div>
            </div>
          </div>
        </div>
      </div>
    </div>
  </div>
</DocumentFragment>
`;
