// Jest Snapshot v1, https://goo.gl/fbAQLP

exports[`Repo Testing renders a Repo 1`] = `
<DocumentFragment>
  <div>
    <form>
      <label
        for="url"
      >
        URL
        <input
          name="url"
          type="text"
          value="blank"
        />
      </label>
      <label
        for="method"
      >
        HTTP Request method
        <select
          name="method"
        >
          <option
            value="GET"
          >
            GET
          </option>
          <option
            value="POST"
          >
            POST
          </option>
          <option
            value="PUT"
          >
            PUT
          </option>
          <option
            value="PATCH"
          >
            PATCH
          </option>
          <option
            value="DELETE"
          >
            DELETE
          </option>
        </select>
      </label>
      <p>
        JSON data
      </p>
      <textarea
        name="body"
      >
        blank
      </textarea>
      <button>
        Submit
      </button>
    </form>
  </div>
</DocumentFragment>
`;
